MO Transistor NULL Transistor.v vlg01/_transistor.bin 1649026922
MO Top NULL Top.v vlg4F/_top.bin 1649026922
MO Transmitter NULL Transmitter.v vlg1D/_transmitter.bin 1649026922
MO Receiver NULL Receiver.v vlg41/_receiver.bin 1649026922
MO GTV NULL GTV.v vlg69/_g_t_v.bin 1649026922
MO sevenSeg NULL ../Disp7Segmentos/sevenSeg.v vlg78/seven_seg.bin 1649026922
